#
# There is insufficient memory for the Java Runtime Environment to continue.
# Native memory allocation (mmap) failed to map 524288000 bytes for G1 virtual space
# Possible reasons:
#   The system is out of physical RAM or swap space
#   The process is running with CompressedOops enabled, and the Java Heap may be blocking the growth of the native heap
# Possible solutions:
#   Reduce memory load on the system
#   Increase physical memory or swap space
#   Check if swap backing store is full
#   Decrease Java heap size (-Xmx/-Xms)
#   Decrease number of Java threads
#   Decrease Java thread stack sizes (-Xss)
#   Set larger code cache with -XX:ReservedCodeCacheSize=
#   JVM is running with Zero Based Compressed Oops mode in which the Java heap is
#     placed in the first 32GB address space. The Java Heap base address is the
#     maximum limit for the native heap growth. Please use -XX:HeapBaseMinAddress
#     to set the Java Heap base and to place the Java Heap above 32GB virtual address.
# This output file may be truncated or incomplete.
#
#  Out of Memory Error (os_windows.cpp:3469), pid=6692, tid=44776
#
# JRE version:  (17.0+35) (build )
# Java VM: OpenJDK 64-Bit Server VM (17+35-2724, mixed mode, sharing, tiered, compressed oops, compressed class ptrs, g1 gc, windows-amd64)
# No core dump will be written. Minidumps are not enabled by default on client versions of Windows
#

---------------  S U M M A R Y ------------

Command Line: -Dclassworlds.conf=D:\env\apache-maven-3.9.16\bin\m2.conf -Dmaven.home=D:\env\apache-maven-3.9.16 -Dlibrary.jansi.path=D:\env\apache-maven-3.9.16\lib\jansi-native -Dmaven.multiModuleProjectDirectory=D:\workspace\demo-exam-system\backend org.codehaus.plexus.classworlds.launcher.Launcher spring-boot:run

Host: AMD Ryzen AI 9 H 365 w/ Radeon 880M, 20 cores, 31G,  Windows 10 , 64 bit Build 26100 (10.0.26100.7623)
Time: Wed Jul 22 16:48:52 2026  Windows 10 , 64 bit Build 26100 (10.0.26100.7623) elapsed time: 2.022244 seconds (0d 0h 0m 2s)

---------------  T H R E A D  ---------------

Current thread (0x000001adfa430ff0):  JavaThread "Unknown thread" [_thread_in_vm, id=44776, stack(0x00000087d4400000,0x00000087d4500000)]

Stack: [0x00000087d4400000,0x00000087d4500000]
Native frames: (J=compiled Java code, j=interpreted, Vv=VM code, C=native code)
V  [jvm.dll+0x66f8ea]
V  [jvm.dll+0x7ce224]
V  [jvm.dll+0x7cf9ce]
V  [jvm.dll+0x7d0033]
V  [jvm.dll+0x242bb5]
V  [jvm.dll+0x66c909]
V  [jvm.dll+0x6613d2]
V  [jvm.dll+0x30082b]
V  [jvm.dll+0x307db6]
V  [jvm.dll+0x357a0e]
V  [jvm.dll+0x357c3f]
V  [jvm.dll+0x2d7ae8]
V  [jvm.dll+0x2d8a54]
V  [jvm.dll+0x7a00a1]
V  [jvm.dll+0x365781]
V  [jvm.dll+0x77f59c]
V  [jvm.dll+0x3e805f]
V  [jvm.dll+0x3e9b01]
C  [jli.dll+0x527b]
C  [ucrtbase.dll+0x37b0]
C  [KERNEL32.DLL+0x2e8d7]
C  [ntdll.dll+0x8c53c]


---------------  P R O C E S S  ---------------

Threads class SMR info:
_java_thread_list=0x00007ffb395b7818, length=0, elements={
}

Java Threads: ( => current thread )

Other Threads:
  0x000001adfa4a8d70 GCTaskThread "GC Thread#0" [stack: 0x00000087d4500000,0x00000087d4600000] [id=22024]
  0x000001adfa4b9710 ConcurrentGCThread "G1 Main Marker" [stack: 0x00000087d4600000,0x00000087d4700000] [id=1304]
  0x000001adfa4bac90 ConcurrentGCThread "G1 Conc#0" [stack: 0x00000087d4700000,0x00000087d4800000] [id=44532]

[error occurred during error reporting (printing all threads), id 0xc0000005, EXCEPTION_ACCESS_VIOLATION (0xc0000005) at pc=0x00007ffb38e084c7]

VM state: not at safepoint (not fully initialized)

VM Mutex/Monitor currently owned by a thread:  ([mutex/lock_event])
[0x000001adfa42f680] Heap_lock - owner thread: 0x000001adfa430ff0

Heap address: 0x000000060e000000, size: 7968 MB, Compressed Oops mode: Zero based, Oop shift amount: 3

CDS archive(s) mapped at: [0x0000000000000000-0x0000000000000000-0x0000000000000000), size 0, SharedBaseAddress: 0x0000000800000000, ArchiveRelocationMode: 0.
Narrow klass base: 0x0000000000000000, Narrow klass shift: 0, Narrow klass range: 0x0

GC Precious Log:
<Empty>

Heap:
 garbage-first heap   total 0K, used 0K [0x000000060e000000, 0x0000000800000000)
  region size 4096K, 0 young (0K), 0 survivors (0K)

[error occurred during error reporting (printing heap information), id 0xc0000005, EXCEPTION_ACCESS_VIOLATION (0xc0000005) at pc=0x00007ffb391e8c59]

GC Heap History (0 events):
No events

Deoptimization events (0 events):
No events

Classes unloaded (0 events):
No events

Classes redefined (0 events):
No events

Internal exceptions (0 events):
No events

VM Operations (0 events):
No events

Events (1 events):
Event: 0.006 Loaded shared library C:\dev\tools\jdk\jdk-17\bin\java.dll


Dynamic libraries:
0x00007ff6960f0000 - 0x00007ff6960fe000 	C:\dev\tools\jdk\jdk-17\bin\java.exe
0x00007ffbc3840000 - 0x00007ffbc3aa7000 	C:\Windows\SYSTEM32\ntdll.dll
0x00007ffbc18f0000 - 0x00007ffbc19b9000 	C:\Windows\System32\KERNEL32.DLL
0x00007ffbc0a20000 - 0x00007ffbc0e0f000 	C:\Windows\System32\KERNELBASE.dll
0x00007ffbc0f80000 - 0x00007ffbc10cb000 	C:\Windows\System32\ucrtbase.dll
0x00007ffbbd5d0000 - 0x00007ffbbd5ea000 	C:\dev\tools\jdk\jdk-17\bin\VCRUNTIME140.dll
0x00007ffbbb730000 - 0x00007ffbbb748000 	C:\dev\tools\jdk\jdk-17\bin\jli.dll
0x00007ffbc1640000 - 0x00007ffbc1805000 	C:\Windows\System32\USER32.dll
0x00007ffbc12c0000 - 0x00007ffbc12e7000 	C:\Windows\System32\win32u.dll
0x00007ffbaff10000 - 0x00007ffbb01a3000 	C:\Windows\WinSxS\amd64_microsoft.windows.common-controls_6595b64144ccf1df_6.0.26100.7309_none_3e05feeae336a044\COMCTL32.dll
0x00007ffbc3560000 - 0x00007ffbc358b000 	C:\Windows\System32\GDI32.dll
0x00007ffbc1e70000 - 0x00007ffbc1f19000 	C:\Windows\System32\msvcrt.dll
0x00007ffbc1190000 - 0x00007ffbc12bc000 	C:\Windows\System32\gdi32full.dll
0x00007ffbc0ed0000 - 0x00007ffbc0f73000 	C:\Windows\System32\msvcp_win.dll
0x00007ffbc37c0000 - 0x00007ffbc37f1000 	C:\Windows\System32\IMM32.DLL
0x00007ffbbb720000 - 0x00007ffbbb72c000 	C:\dev\tools\jdk\jdk-17\bin\vcruntime140_1.dll
0x00007ffb984a0000 - 0x00007ffb9852d000 	C:\dev\tools\jdk\jdk-17\bin\msvcp140.dll
0x00007ffb38b20000 - 0x00007ffb396de000 	C:\dev\tools\jdk\jdk-17\bin\server\jvm.dll
0x00007ffbc2860000 - 0x00007ffbc2914000 	C:\Windows\System32\ADVAPI32.dll
0x00007ffbc1c20000 - 0x00007ffbc1cc6000 	C:\Windows\System32\sechost.dll
0x00007ffbc22b0000 - 0x00007ffbc23c8000 	C:\Windows\System32\RPCRT4.dll
0x00007ffbc3590000 - 0x00007ffbc3598000 	C:\Windows\System32\PSAPI.DLL
0x00007ffbb3250000 - 0x00007ffbb3285000 	C:\Windows\SYSTEM32\WINMM.dll
0x00007ffbbb440000 - 0x00007ffbbb44a000 	C:\Windows\SYSTEM32\WSOCK32.dll
0x00007ffbb7ab0000 - 0x00007ffbb7abb000 	C:\Windows\SYSTEM32\VERSION.dll
0x00007ffbc29b0000 - 0x00007ffbc2a24000 	C:\Windows\System32\WS2_32.dll
0x00007ffbbf6a0000 - 0x00007ffbbf6bb000 	C:\Windows\SYSTEM32\kernel.appcore.dll
0x00007ffbbb710000 - 0x00007ffbbb71a000 	C:\dev\tools\jdk\jdk-17\bin\jimage.dll
0x00007ffbbe130000 - 0x00007ffbbe372000 	C:\Windows\SYSTEM32\DBGHELP.DLL
0x00007ffbc1f20000 - 0x00007ffbc22a6000 	C:\Windows\System32\combase.dll
0x00007ffbc1810000 - 0x00007ffbc18e6000 	C:\Windows\System32\OLEAUT32.dll
0x00007ffbadee0000 - 0x00007ffbadf1c000 	C:\Windows\SYSTEM32\dbgcore.DLL
0x00007ffbc0e20000 - 0x00007ffbc0ec5000 	C:\Windows\System32\bcryptPrimitives.dll
0x00007ffbb90f0000 - 0x00007ffbb9115000 	C:\dev\tools\jdk\jdk-17\bin\java.dll

dbghelp: loaded successfully - version: 4.0.5 - missing functions: none
symbol engine: initialized successfully - sym options: 0x614 - pdb path: .;C:\dev\tools\jdk\jdk-17\bin;C:\Windows\SYSTEM32;C:\Windows\WinSxS\amd64_microsoft.windows.common-controls_6595b64144ccf1df_6.0.26100.7309_none_3e05feeae336a044;C:\dev\tools\jdk\jdk-17\bin\server

VM Arguments:
jvm_args: -Dclassworlds.conf=D:\env\apache-maven-3.9.16\bin\m2.conf -Dmaven.home=D:\env\apache-maven-3.9.16 -Dlibrary.jansi.path=D:\env\apache-maven-3.9.16\lib\jansi-native -Dmaven.multiModuleProjectDirectory=D:\workspace\demo-exam-system\backend 
java_command: org.codehaus.plexus.classworlds.launcher.Launcher spring-boot:run
java_class_path (initial): D:\env\apache-maven-3.9.16\boot\plexus-classworlds-2.11.0.jar
Launcher Type: SUN_STANDARD

[Global flags]
     intx CICompilerCount                          = 12                                        {product} {ergonomic}
     uint ConcGCThreads                            = 4                                         {product} {ergonomic}
     uint G1ConcRefinementThreads                  = 15                                        {product} {ergonomic}
   size_t G1HeapRegionSize                         = 4194304                                   {product} {ergonomic}
    uintx GCDrainStackTargetSize                   = 64                                        {product} {ergonomic}
   size_t InitialHeapSize                          = 524288000                                 {product} {ergonomic}
   size_t MarkStackSize                            = 4194304                                   {product} {ergonomic}
   size_t MaxHeapSize                              = 8355053568                                {product} {ergonomic}
   size_t MinHeapDeltaBytes                        = 4194304                                   {product} {ergonomic}
   size_t MinHeapSize                              = 8388608                                   {product} {ergonomic}
    uintx NonNMethodCodeHeapSize                   = 7602480                                {pd product} {ergonomic}
    uintx NonProfiledCodeHeapSize                  = 122027880                              {pd product} {ergonomic}
    uintx ProfiledCodeHeapSize                     = 122027880                              {pd product} {ergonomic}
    uintx ReservedCodeCacheSize                    = 251658240                              {pd product} {ergonomic}
     bool SegmentedCodeCache                       = true                                      {product} {ergonomic}
   size_t SoftMaxHeapSize                          = 8355053568                             {manageable} {ergonomic}
     bool UseCompressedClassPointers               = true                           {product lp64_product} {ergonomic}
     bool UseCompressedOops                        = true                           {product lp64_product} {ergonomic}
     bool UseG1GC                                  = true                                      {product} {ergonomic}
     bool UseLargePagesIndividualAllocation        = false                                  {pd product} {ergonomic}

Logging:
Log output configuration:
 #0: stdout all=warning uptime,level,tags
 #1: stderr all=off uptime,level,tags

Environment Variables:
PATH=C:\Windows\system32;C:\Windows;C:\Windows\System32\Wbem;C:\Windows\System32\WindowsPowerShell\v1.0\;C:\Program Files\dotnet\;C:\Program Files (x86)\NVIDIA Corporation\PhysX\Common;C:\Program Files\NVIDIA Corporation\NVIDIA NvDLISR;C:\Program Files\Git\cmd;C:\Users\root\AppData\Local\nvm;C:\nvm4w\nodejs;D:\Program Files\cursor\resources\app\bin;D:\env\apache-maven-3.9.16\bin;d:\Program Files\Trae CN\bin;C:\Users\root\AppData\Local\Microsoft\WindowsApps;C:\Users\root\AppData\Local\nvm;C:\nvm4w\nodejs;C:\Program Files\JetBrains\IntelliJ IDEA 2025.3.1\bin;C:\dev\tools\jdk\jdk-17\bin;D:\Program Files\Microsoft VS Code\bin
USERNAME=root
OS=Windows_NT
PROCESSOR_IDENTIFIER=AMD64 Family 26 Model 36 Stepping 0, AuthenticAMD



---------------  S Y S T E M  ---------------

OS:
 Windows 10 , 64 bit Build 26100 (10.0.26100.7623)
OS uptime: 2 days 2:44 hours
Hyper-V role detected

CPU: total 20 (initial active 20) (20 cores per cpu, 2 threads per core) family 26 model 36 stepping 0 microcode 0xb20401b, cx8, cmov, fxsr, ht, mmx, 3dnowpref, sse, sse2, sse3, ssse3, sse4a, sse4.1, sse4.2, popcnt, lzcnt, tsc, tscinvbit, avx, avx2, aes, erms, clmul, bmi1, bmi2, adx, avx512f, avx512dq, avx512cd, avx512bw, avx512vl, sha, fma, vzeroupper, avx512_vpopcntdq, avx512_vpclmulqdq, avx512_vaes, avx512_vnni, clflush, clflushopt, avx512_vbmi2, avx512_vbmi, hv

Memory: 4k page, system-wide physical 31864M (1701M free)
TotalPageFile size 70264M (AvailPageFile size 323M)
current process WorkingSet (physical memory assigned to process): 12M, peak: 12M
current process commit charge ("private bytes"): 75M, peak: 575M

vm_info: OpenJDK 64-Bit Server VM (17+35-2724) for windows-amd64 JRE (17+35-2724), built on Aug  5 2021 23:26:02 by "mach5one" with MS VC++ 16.8 (VS2019)

END.
